// Jest Snapshot v1, https://goo.gl/fbAQLP

exports[`React unit tests ipInput Renders a <Button> with the label in Aria 1`] = `undefined`;
